## run_traj_R.R start: 2026-05-07 23:17:47.097003
## OMP_NUM_THREADS=1 OPENBLAS_NUM_THREADS=1
## WARNING: leafblower: 688 sparse categories detected (T_kj < 1% or n_kj < 30); see result$diagnostics$sparseness
[leafblower] iEPPA: n=1582732 K=9 M_cell=28905 compression=54.8x path=log
[leafblower] iEPPA iter 1: errRp=6.869e-03
[leafblower]   n_cap_active=5033
[leafblower]   margin=1: log10(f) range [-inf, 1.72]
[leafblower]   margin=2: log10(f) range [-inf, 0.80]
[leafblower]   margin=3: log10(f) range [-0.05, 0.04]
[leafblower]   margin=4: log10(f) range [-0.06, 0.03]
[leafblower]   margin=5: log10(f) range [-0.26, 0.17]
[leafblower]   margin=6: log10(f) range [-0.37, 0.16]
[leafblower]   margin=7: log10(f) range [-0.01, 0.05]
[leafblower]   margin=8: log10(f) range [-0.00, 0.00]
[leafblower]   margin=9: log10(f) range [-0.00, 0.00]
[leafblower] [ieppa_soft] mu growth: 3.6525e-02
[leafblower] [ieppa_soft] mu growth: 7.3051e-02
[leafblower] iEPPA iter 10: errRp=5.079e-03
[leafblower]   n_cap_active=7936
[leafblower]   margin=1: log10(f) range [-inf, 7.82]
[leafblower]   margin=2: log10(f) range [-inf, 2.37]
[leafblower]   margin=3: log10(f) range [-0.05, 0.04]
[leafblower]   margin=4: log10(f) range [-0.52, 0.28]
[leafblower]   margin=5: log10(f) range [-0.44, 0.20]
[leafblower]   margin=6: log10(f) range [-0.59, 0.29]
[leafblower]   margin=7: log10(f) range [-0.07, 0.12]
[leafblower]   margin=8: log10(f) range [-0.00, 0.01]
[leafblower]   margin=9: log10(f) range [-0.00, 0.00]
[leafblower] iEPPA iter 20: errRp=2.881e-03
[leafblower]   n_cap_active=8894
[leafblower]   margin=1: log10(f) range [-inf, 10.54]
[leafblower]   margin=2: log10(f) range [-inf, 4.00]
[leafblower]   margin=3: log10(f) range [-0.06, 0.25]
[leafblower]   margin=4: log10(f) range [-0.73, 0.47]
[leafblower]   margin=5: log10(f) range [-0.47, 0.19]
[leafblower]   margin=6: log10(f) range [-0.66, 0.42]
[leafblower]   margin=7: log10(f) range [-0.10, 0.16]
[leafblower]   margin=8: log10(f) range [-0.01, 0.02]
[leafblower]   margin=9: log10(f) range [-0.01, 0.01]
[leafblower] iEPPA iter 30: errRp=2.669e-03
[leafblower]   n_cap_active=9104
[leafblower]   margin=1: log10(f) range [-inf, 10.54]
[leafblower]   margin=2: log10(f) range [-inf, 4.78]
[leafblower]   margin=3: log10(f) range [-0.07, 0.53]
[leafblower]   margin=4: log10(f) range [-0.76, 0.57]
[leafblower]   margin=5: log10(f) range [-0.48, 0.20]
[leafblower]   margin=6: log10(f) range [-0.73, 0.48]
[leafblower]   margin=7: log10(f) range [-0.10, 0.19]
[leafblower]   margin=8: log10(f) range [-0.01, 0.02]
[leafblower]   margin=9: log10(f) range [-0.01, 0.01]
[leafblower] iEPPA iter 40: errRp=2.606e-03
[leafblower]   n_cap_active=9108
[leafblower]   margin=1: log10(f) range [-inf, 10.76]
[leafblower]   margin=2: log10(f) range [-inf, 5.55]
[leafblower]   margin=3: log10(f) range [-0.08, 0.80]
[leafblower]   margin=4: log10(f) range [-0.80, 0.72]
[leafblower]   margin=5: log10(f) range [-0.48, 0.21]
[leafblower]   margin=6: log10(f) range [-0.81, 0.54]
[leafblower]   margin=7: log10(f) range [-0.11, 0.21]
[leafblower]   margin=8: log10(f) range [-0.01, 0.03]
[leafblower]   margin=9: log10(f) range [-0.01, 0.01]
[leafblower] iEPPA iter 50: errRp=2.553e-03
[leafblower]   n_cap_active=9168
[leafblower]   margin=1: log10(f) range [-inf, 10.93]
[leafblower]   margin=2: log10(f) range [-inf, 6.32]
[leafblower]   margin=3: log10(f) range [-0.08, 1.07]
[leafblower]   margin=4: log10(f) range [-0.82, 0.87]
[leafblower]   margin=5: log10(f) range [-0.48, 0.22]
[leafblower]   margin=6: log10(f) range [-0.88, 0.60]
[leafblower]   margin=7: log10(f) range [-0.11, 0.24]
[leafblower]   margin=8: log10(f) range [-0.01, 0.03]
[leafblower]   margin=9: log10(f) range [-0.02, 0.02]
[leafblower] iEPPA iter 60: errRp=2.529e-03
[leafblower]   n_cap_active=9167
[leafblower]   margin=1: log10(f) range [-inf, 10.93]
[leafblower]   margin=2: log10(f) range [-inf, 7.10]
[leafblower]   margin=3: log10(f) range [-0.09, 1.34]
[leafblower]   margin=4: log10(f) range [-0.85, 1.01]
[leafblower]   margin=5: log10(f) range [-0.49, 0.22]
[leafblower]   margin=6: log10(f) range [-0.96, 0.66]
[leafblower]   margin=7: log10(f) range [-0.12, 0.26]
[leafblower]   margin=8: log10(f) range [-0.01, 0.04]
[leafblower]   margin=9: log10(f) range [-0.02, 0.02]
[leafblower] iEPPA iter 70: errRp=2.516e-03
[leafblower]   n_cap_active=9143
[leafblower]   margin=1: log10(f) range [-inf, 10.93]
[leafblower]   margin=2: log10(f) range [-inf, 7.87]
[leafblower]   margin=3: log10(f) range [-0.10, 1.62]
[leafblower]   margin=4: log10(f) range [-0.88, 1.20]
[leafblower]   margin=5: log10(f) range [-0.49, 0.23]
[leafblower]   margin=6: log10(f) range [-1.03, 0.72]
[leafblower]   margin=7: log10(f) range [-0.13, 0.29]
[leafblower]   margin=8: log10(f) range [-0.01, 0.05]
[leafblower]   margin=9: log10(f) range [-0.02, 0.03]
[leafblower] iEPPA iter 80: errRp=2.491e-03
[leafblower]   n_cap_active=9153
[leafblower]   margin=1: log10(f) range [-inf, 10.93]
[leafblower]   margin=2: log10(f) range [-inf, 8.64]
[leafblower]   margin=3: log10(f) range [-0.11, 1.89]
[leafblower]   margin=4: log10(f) range [-0.90, 1.41]
[leafblower]   margin=5: log10(f) range [-0.51, 0.24]
[leafblower]   margin=6: log10(f) range [-1.11, 0.78]
[leafblower]   margin=7: log10(f) range [-0.13, 0.31]
[leafblower]   margin=8: log10(f) range [-0.02, 0.05]
[leafblower]   margin=9: log10(f) range [-0.03, 0.03]
[leafblower] iEPPA iter 90: errRp=2.475e-03
[leafblower]   n_cap_active=9161
[leafblower]   margin=1: log10(f) range [-inf, 10.93]
[leafblower]   margin=2: log10(f) range [-inf, 9.42]
[leafblower]   margin=3: log10(f) range [-0.11, 2.17]
[leafblower]   margin=4: log10(f) range [-0.93, 1.62]
[leafblower]   margin=5: log10(f) range [-0.52, 0.25]
[leafblower]   margin=6: log10(f) range [-1.18, 0.84]
[leafblower]   margin=7: log10(f) range [-0.14, 0.34]
[leafblower]   margin=8: log10(f) range [-0.02, 0.06]
[leafblower]   margin=9: log10(f) range [-0.03, 0.03]
[leafblower] iEPPA iter 100: errRp=2.466e-03
[leafblower]   n_cap_active=9280
[leafblower]   margin=1: log10(f) range [-inf, 11.24]
[leafblower]   margin=2: log10(f) range [-inf, 10.19]
[leafblower]   margin=3: log10(f) range [-0.12, 2.45]
[leafblower]   margin=4: log10(f) range [-0.96, 1.83]
[leafblower]   margin=5: log10(f) range [-0.53, 0.25]
[leafblower]   margin=6: log10(f) range [-1.26, 0.90]
[leafblower]   margin=7: log10(f) range [-0.15, 0.36]
[leafblower]   margin=8: log10(f) range [-0.02, 0.06]
[leafblower]   margin=9: log10(f) range [-0.03, 0.04]
[leafblower] iEPPA iter 110: errRp=2.397e-03
[leafblower]   n_cap_active=9243
[leafblower]   margin=1: log10(f) range [-inf, 11.64]
[leafblower]   margin=2: log10(f) range [-inf, 10.96]
[leafblower]   margin=3: log10(f) range [-0.13, 2.74]
[leafblower]   margin=4: log10(f) range [-0.99, 2.04]
[leafblower]   margin=5: log10(f) range [-0.55, 0.26]
[leafblower]   margin=6: log10(f) range [-1.33, 0.96]
[leafblower]   margin=7: log10(f) range [-0.15, 0.39]
[leafblower]   margin=8: log10(f) range [-0.02, 0.07]
[leafblower]   margin=9: log10(f) range [-0.04, 0.04]
[leafblower] iEPPA iter 120: errRp=2.353e-03
[leafblower]   n_cap_active=9137
[leafblower]   margin=1: log10(f) range [-inf, 11.64]
[leafblower]   margin=2: log10(f) range [-inf, 11.74]
[leafblower]   margin=3: log10(f) range [-0.14, 3.02]
[leafblower]   margin=4: log10(f) range [-1.02, 2.24]
[leafblower]   margin=5: log10(f) range [-0.56, 0.27]
[leafblower]   margin=6: log10(f) range [-1.41, 1.02]
[leafblower]   margin=7: log10(f) range [-0.16, 0.41]
[leafblower]   margin=8: log10(f) range [-0.02, 0.07]
[leafblower]   margin=9: log10(f) range [-0.04, 0.04]
[leafblower] iEPPA iter 130: errRp=2.302e-03
[leafblower]   n_cap_active=9236
[leafblower]   margin=1: log10(f) range [-inf, 11.64]
[leafblower]   margin=2: log10(f) range [-inf, 12.05]
[leafblower]   margin=3: log10(f) range [-0.14, 3.31]
[leafblower]   margin=4: log10(f) range [-1.05, 2.45]
[leafblower]   margin=5: log10(f) range [-0.57, 0.28]
[leafblower]   margin=6: log10(f) range [-1.48, 1.08]
[leafblower]   margin=7: log10(f) range [-0.16, 0.44]
[leafblower]   margin=8: log10(f) range [-0.02, 0.08]
[leafblower]   margin=9: log10(f) range [-0.04, 0.05]
[leafblower] iEPPA iter 140: errRp=2.207e-03
[leafblower]   n_cap_active=9206
[leafblower]   margin=1: log10(f) range [-inf, 11.77]
[leafblower]   margin=2: log10(f) range [-inf, 12.05]
[leafblower]   margin=3: log10(f) range [-0.15, 3.61]
[leafblower]   margin=4: log10(f) range [-1.08, 2.67]
[leafblower]   margin=5: log10(f) range [-0.59, 0.30]
[leafblower]   margin=6: log10(f) range [-1.56, 1.14]
[leafblower]   margin=7: log10(f) range [-0.17, 0.46]
[leafblower]   margin=8: log10(f) range [-0.03, 0.08]
[leafblower]   margin=9: log10(f) range [-0.05, 0.05]
[leafblower] iEPPA iter 150: errRp=2.117e-03
[leafblower]   n_cap_active=9352
[leafblower]   margin=1: log10(f) range [-inf, 11.77]
[leafblower]   margin=2: log10(f) range [-inf, 12.05]
[leafblower]   margin=3: log10(f) range [-0.16, 3.93]
[leafblower]   margin=4: log10(f) range [-1.11, 2.90]
[leafblower]   margin=5: log10(f) range [-0.60, 0.31]
[leafblower]   margin=6: log10(f) range [-1.63, 1.20]
[leafblower]   margin=7: log10(f) range [-0.18, 0.49]
[leafblower]   margin=8: log10(f) range [-0.03, 0.09]
[leafblower]   margin=9: log10(f) range [-0.05, 0.06]
[leafblower] iEPPA iter 160: errRp=2.108e-03
[leafblower]   n_cap_active=9278
[leafblower]   margin=1: log10(f) range [-inf, 11.77]
[leafblower]   margin=2: log10(f) range [-inf, 12.05]
[leafblower]   margin=3: log10(f) range [-0.17, 4.25]
[leafblower]   margin=4: log10(f) range [-1.14, 3.13]
[leafblower]   margin=5: log10(f) range [-0.62, 0.33]
[leafblower]   margin=6: log10(f) range [-1.71, 1.26]
[leafblower]   margin=7: log10(f) range [-0.18, 0.52]
[leafblower]   margin=8: log10(f) range [-0.03, 0.10]
[leafblower]   margin=9: log10(f) range [-0.06, 0.06]
[leafblower] iEPPA iter 170: errRp=2.101e-03
[leafblower]   n_cap_active=9119
[leafblower]   margin=1: log10(f) range [-inf, 11.77]
[leafblower]   margin=2: log10(f) range [-inf, 12.05]
[leafblower]   margin=3: log10(f) range [-0.17, 4.57]
[leafblower]   margin=4: log10(f) range [-1.17, 3.35]
[leafblower]   margin=5: log10(f) range [-0.63, 0.34]
[leafblower]   margin=6: log10(f) range [-1.78, 1.32]
[leafblower]   margin=7: log10(f) range [-0.19, 0.54]
[leafblower]   margin=8: log10(f) range [-0.03, 0.10]
[leafblower]   margin=9: log10(f) range [-0.06, 0.06]
[leafblower] iEPPA iter 180: errRp=2.065e-03
[leafblower]   n_cap_active=9189
[leafblower]   margin=1: log10(f) range [-inf, 11.81]
[leafblower]   margin=2: log10(f) range [-inf, 12.05]
[leafblower]   margin=3: log10(f) range [-0.18, 4.89]
[leafblower]   margin=4: log10(f) range [-1.20, 3.58]
[leafblower]   margin=5: log10(f) range [-0.64, 0.35]
[leafblower]   margin=6: log10(f) range [-1.86, 1.38]
[leafblower]   margin=7: log10(f) range [-0.20, 0.57]
[leafblower]   margin=8: log10(f) range [-0.03, 0.11]
[leafblower]   margin=9: log10(f) range [-0.06, 0.07]
[leafblower] iEPPA iter 190: errRp=2.057e-03
[leafblower]   n_cap_active=9201
[leafblower]   margin=1: log10(f) range [-inf, 11.81]
[leafblower]   margin=2: log10(f) range [-inf, 12.05]
[leafblower]   margin=3: log10(f) range [-0.19, 5.22]
[leafblower]   margin=4: log10(f) range [-1.23, 3.81]
[leafblower]   margin=5: log10(f) range [-0.66, 0.37]
[leafblower]   margin=6: log10(f) range [-1.93, 1.44]
[leafblower]   margin=7: log10(f) range [-0.20, 0.60]
[leafblower]   margin=8: log10(f) range [-0.03, 0.11]
[leafblower]   margin=9: log10(f) range [-0.07, 0.07]
[leafblower] iEPPA iter 200: errRp=2.043e-03
[leafblower]   n_cap_active=9151
[leafblower]   margin=1: log10(f) range [-inf, 11.81]
[leafblower]   margin=2: log10(f) range [-inf, 12.11]
[leafblower]   margin=3: log10(f) range [-0.20, 5.56]
[leafblower]   margin=4: log10(f) range [-1.26, 4.03]
[leafblower]   margin=5: log10(f) range [-0.67, 0.38]
[leafblower]   margin=6: log10(f) range [-2.00, 1.50]
[leafblower]   margin=7: log10(f) range [-0.21, 0.62]
[leafblower]   margin=8: log10(f) range [-0.03, 0.12]
[leafblower]   margin=9: log10(f) range [-0.07, 0.08]
[leafblower] iEPPA iter 210: errRp=2.040e-03
[leafblower]   n_cap_active=9267
[leafblower]   margin=1: log10(f) range [-inf, 11.81]
[leafblower]   margin=2: log10(f) range [-inf, 12.11]
[leafblower]   margin=3: log10(f) range [-0.20, 5.89]
[leafblower]   margin=4: log10(f) range [-1.30, 4.26]
[leafblower]   margin=5: log10(f) range [-0.69, 0.39]
[leafblower]   margin=6: log10(f) range [-2.08, 1.56]
[leafblower]   margin=7: log10(f) range [-0.22, 0.65]
[leafblower]   margin=8: log10(f) range [-0.04, 0.13]
[leafblower]   margin=9: log10(f) range [-0.07, 0.08]
[leafblower] iEPPA iter 220: errRp=2.023e-03
[leafblower]   n_cap_active=9263
[leafblower]   margin=1: log10(f) range [-inf, 11.81]
[leafblower]   margin=2: log10(f) range [-inf, 12.11]
[leafblower]   margin=3: log10(f) range [-0.21, 6.22]
[leafblower]   margin=4: log10(f) range [-1.33, 4.50]
[leafblower]   margin=5: log10(f) range [-0.70, 0.41]
[leafblower]   margin=6: log10(f) range [-2.15, 1.62]
[leafblower]   margin=7: log10(f) range [-0.22, 0.68]
[leafblower]   margin=8: log10(f) range [-0.04, 0.13]
[leafblower]   margin=9: log10(f) range [-0.08, 0.08]
[leafblower] [ieppa_soft] final projection sum drift = 1.13e+01
[leafblower] iEPPA converged in 220 iters, errRp=2.023e-03
## WARNING: cell-mode bounds: 36654 weights fell outside [0.000, 5.000] due to skewed base weights within cells. Consider bounds_mode='unit' for strict per-observation bounds.
## TERMINATE status=0 (converged) iterations=220 max_error=2.023297e-03
## run_traj_R.R end: 2026-05-07 23:17:51.212374
