## run_traj_py.py start: 2026-05-07 23:16:54.405032
## OMP_NUM_THREADS=1 OPENBLAS_NUM_THREADS=1
iEPPA: n=1582732 K=9 M_cell=28905 compression=54.8x path=log
iEPPA iter 1: errRp=1.329e-02
  n_cap_active=5294
  margin=1: log10(f) range [-inf, 1.72]
  margin=2: log10(f) range [-inf, 0.80]
  margin=3: log10(f) range [-0.05, 0.04]
  margin=4: log10(f) range [-0.06, 0.03]
  margin=5: log10(f) range [-0.26, 0.17]
  margin=6: log10(f) range [-0.37, 0.16]
  margin=7: log10(f) range [-0.01, 0.05]
  margin=8: log10(f) range [-0.00, 0.00]
  margin=9: log10(f) range [-0.00, 0.00]
iEPPA iter 10: errRp=5.990e-03
  n_cap_active=8742
  margin=1: log10(f) range [-inf, 10.85]
  margin=2: log10(f) range [-inf, 3.26]
  margin=3: log10(f) range [-0.05, 0.04]
  margin=4: log10(f) range [-0.48, 0.28]
  margin=5: log10(f) range [-0.45, 0.20]
  margin=6: log10(f) range [-0.60, 0.29]
  margin=7: log10(f) range [-0.07, 0.12]
  margin=8: log10(f) range [-0.00, 0.01]
  margin=9: log10(f) range [-0.00, 0.00]
iEPPA iter 20: errRp=3.000e-03
  n_cap_active=9197
  margin=1: log10(f) range [-inf, 10.85]
  margin=2: log10(f) range [-inf, 4.51]
  margin=3: log10(f) range [-0.06, 0.36]
  margin=4: log10(f) range [-0.56, 0.44]
  margin=5: log10(f) range [-0.46, 0.20]
  margin=6: log10(f) range [-0.64, 0.37]
  margin=7: log10(f) range [-0.08, 0.16]
  margin=8: log10(f) range [-0.01, 0.02]
  margin=9: log10(f) range [-0.01, 0.01]
iEPPA iter 30: errRp=2.906e-03
  n_cap_active=9200
  margin=1: log10(f) range [-inf, 10.85]
  margin=2: log10(f) range [-inf, 5.37]
  margin=3: log10(f) range [-0.07, 0.68]
  margin=4: log10(f) range [-0.58, 0.61]
  margin=5: log10(f) range [-0.46, 0.21]
  margin=6: log10(f) range [-0.67, 0.43]
  margin=7: log10(f) range [-0.09, 0.19]
  margin=8: log10(f) range [-0.01, 0.02]
  margin=9: log10(f) range [-0.01, 0.01]
iEPPA iter 40: errRp=2.870e-03
  n_cap_active=9233
  margin=1: log10(f) range [-inf, 10.85]
  margin=2: log10(f) range [-inf, 6.22]
  margin=3: log10(f) range [-0.08, 0.99]
  margin=4: log10(f) range [-0.60, 0.81]
  margin=5: log10(f) range [-0.46, 0.22]
  margin=6: log10(f) range [-0.74, 0.49]
  margin=7: log10(f) range [-0.09, 0.22]
  margin=8: log10(f) range [-0.01, 0.03]
  margin=9: log10(f) range [-0.01, 0.01]
iEPPA iter 50: errRp=2.856e-03
  n_cap_active=9299
  margin=1: log10(f) range [-inf, 10.85]
  margin=2: log10(f) range [-inf, 7.07]
  margin=3: log10(f) range [-0.08, 1.31]
  margin=4: log10(f) range [-0.62, 1.08]
  margin=5: log10(f) range [-0.46, 0.23]
  margin=6: log10(f) range [-0.81, 0.56]
  margin=7: log10(f) range [-0.10, 0.25]
  margin=8: log10(f) range [-0.01, 0.04]
  margin=9: log10(f) range [-0.02, 0.02]
iEPPA iter 60: errRp=2.838e-03
  n_cap_active=9200
  margin=1: log10(f) range [-inf, 10.85]
  margin=2: log10(f) range [-inf, 7.93]
  margin=3: log10(f) range [-0.09, 1.64]
  margin=4: log10(f) range [-0.64, 1.35]
  margin=5: log10(f) range [-0.46, 0.24]
  margin=6: log10(f) range [-0.89, 0.62]
  margin=7: log10(f) range [-0.11, 0.27]
  margin=8: log10(f) range [-0.01, 0.04]
  margin=9: log10(f) range [-0.02, 0.02]
iEPPA iter 70: errRp=2.835e-03
  n_cap_active=9220
  margin=1: log10(f) range [-inf, 11.25]
  margin=2: log10(f) range [-inf, 8.78]
  margin=3: log10(f) range [-0.10, 1.96]
  margin=4: log10(f) range [-0.66, 1.62]
  margin=5: log10(f) range [-0.46, 0.25]
  margin=6: log10(f) range [-0.96, 0.68]
  margin=7: log10(f) range [-0.11, 0.30]
  margin=8: log10(f) range [-0.02, 0.05]
  margin=9: log10(f) range [-0.02, 0.03]
iEPPA iter 80: errRp=2.798e-03
  n_cap_active=9232
  margin=1: log10(f) range [-inf, 11.50]
  margin=2: log10(f) range [-inf, 9.63]
  margin=3: log10(f) range [-0.11, 2.29]
  margin=4: log10(f) range [-0.68, 1.89]
  margin=5: log10(f) range [-0.46, 0.26]
  margin=6: log10(f) range [-1.04, 0.74]
  margin=7: log10(f) range [-0.12, 0.33]
  margin=8: log10(f) range [-0.02, 0.06]
  margin=9: log10(f) range [-0.03, 0.03]
iEPPA iter 90: errRp=2.704e-03
  n_cap_active=9263
  margin=1: log10(f) range [-inf, 11.59]
  margin=2: log10(f) range [-inf, 10.49]
  margin=3: log10(f) range [-0.12, 2.62]
  margin=4: log10(f) range [-0.70, 2.16]
  margin=5: log10(f) range [-0.48, 0.27]
  margin=6: log10(f) range [-1.11, 0.80]
  margin=7: log10(f) range [-0.13, 0.36]
  margin=8: log10(f) range [-0.02, 0.06]
  margin=9: log10(f) range [-0.03, 0.03]
[ieppa_soft] final projection sum drift = 9.80e+00
iEPPA converged in 90 iters, errRp=2.704e-03
## TERMINATE status=0 (converged) iterations=90 max_error=2.703734e-03
## run_traj_py.py end: 2026-05-07 23:16:57.167106
