Hmm ... looks like a package
Converting parsed Rd's to LaTeX 
Creating pdf output from LaTeX ...

This is pdfTeX, Version 3.141592653-2.6-1.40.29 (TeX Live 2026/Arch Linux) (preloaded format=pdflatex)
 restricted \write18 enabled.
entering extended mode
LaTeX2e <2025-11-01>
L3 programming layer <2026-01-19>
(./Rd2.tex
(/usr/share/texmf-dist/tex/latex/base/book.cls
Document Class: book 2025/01/22 v1.4n Standard LaTeX document class
(/usr/share/texmf-dist/tex/latex/base/bk10.clo))
(/usr/share/texmf/tex/latex/Rd.sty
(/usr/share/texmf-dist/tex/latex/base/ifthen.sty)
(/usr/share/texmf-dist/tex/generic/iftex/iftex.sty)
(/usr/share/texmf-dist/tex/latex/tools/longtable.sty)
(/usr/share/texmf-dist/tex/latex/tools/bm.sty)
(/usr/share/texmf-dist/tex/latex/base/alltt.sty)
(/usr/share/texmf-dist/tex/latex/tools/verbatim.sty)
(/usr/share/texmf-dist/tex/latex/url/url.sty)
(/usr/share/texmf-dist/tex/latex/base/textcomp.sty)
(/usr/share/texmf-dist/tex/latex/amsmath/amsmath.sty
For additional information on amsmath, use the `?' option.
(/usr/share/texmf-dist/tex/latex/amsmath/amstext.sty
(/usr/share/texmf-dist/tex/latex/amsmath/amsgen.sty))
(/usr/share/texmf-dist/tex/latex/amsmath/amsbsy.sty)
(/usr/share/texmf-dist/tex/latex/amsmath/amsopn.sty))
(/usr/share/texmf-dist/tex/latex/amsfonts/amsfonts.sty)
(/usr/share/texmf-dist/tex/latex/amsfonts/amssymb.sty)
(/usr/share/texmf-dist/tex/latex/jknapltx/mathrsfs.sty)
(/usr/share/texmf-dist/tex/latex/base/fontenc.sty)
(/usr/share/texmf-dist/tex/latex/psnfss/times.sty)
(/usr/share/texmf-dist/tex/latex/graphics/color.sty
(/usr/share/texmf-dist/tex/latex/graphics-cfg/color.cfg)
(/usr/share/texmf-dist/tex/latex/graphics-def/pdftex.def)
(/usr/share/texmf-dist/tex/latex/graphics/mathcolor.ltx))
(/usr/share/texmf-dist/tex/latex/hyperref/hyperref.sty
(/usr/share/texmf-dist/tex/latex/graphics/keyval.sty)
(/usr/share/texmf-dist/tex/latex/kvsetkeys/kvsetkeys.sty)
(/usr/share/texmf-dist/tex/generic/kvdefinekeys/kvdefinekeys.sty)
(/usr/share/texmf-dist/tex/generic/pdfescape/pdfescape.sty
(/usr/share/texmf-dist/tex/generic/ltxcmds/ltxcmds.sty)
(/usr/share/texmf-dist/tex/generic/pdftexcmds/pdftexcmds.sty
(/usr/share/texmf-dist/tex/generic/infwarerr/infwarerr.sty)))
(/usr/share/texmf-dist/tex/latex/hycolor/hycolor.sty)
(/usr/share/texmf-dist/tex/latex/hyperref/nameref.sty
(/usr/share/texmf-dist/tex/latex/refcount/refcount.sty)
(/usr/share/texmf-dist/tex/generic/gettitlestring/gettitlestring.sty
(/usr/share/texmf-dist/tex/latex/kvoptions/kvoptions.sty)))
(/usr/share/texmf-dist/tex/latex/etoolbox/etoolbox.sty)
(/usr/share/texmf-dist/tex/generic/stringenc/stringenc.sty)
(/usr/share/texmf-dist/tex/latex/hyperref/pd1enc.def)
(/usr/share/texmf-dist/tex/generic/intcalc/intcalc.sty)
(/usr/share/texmf-dist/tex/latex/hyperref/puenc.def)
(/usr/share/texmf-dist/tex/generic/bitset/bitset.sty
(/usr/share/texmf-dist/tex/generic/bigintcalc/bigintcalc.sty)))
(/usr/share/texmf-dist/tex/latex/hyperref/hpdftex.def
(/usr/share/texmf-dist/tex/latex/rerunfilecheck/rerunfilecheck.sty
(/usr/share/texmf-dist/tex/generic/uniquecounter/uniquecounter.sty))))
(/usr/share/texmf-dist/tex/latex/base/makeidx.sty)
Writing index file Rd2.idx
(/usr/share/texmf-dist/tex/latex/psnfss/t1ptm.fd)
(/usr/share/texmf-dist/tex/latex/l3backend/l3backend-pdftex.def)
No file Rd2.aux.
(/usr/share/texmf-dist/tex/context/base/mkii/supp-pdf.mkii
[Loading MPS to PDF converter (version 2006.09.02).]
) (/usr/share/texmf-dist/tex/latex/psnfss/t1pcr.fd)
No file Rd2.toc.
(/usr/share/texmf-dist/tex/latex/amsfonts/umsa.fd)
(/usr/share/texmf-dist/tex/latex/amsfonts/umsb.fd)
(/usr/share/texmf-dist/tex/latex/jknapltx/ursfs.fd) [1{/var/lib/texmf/fonts/map
/pdftex/updmap/pdftex.map}{/usr/share/texmf-dist/fonts/enc/dvips/base/8r.enc}]
Overfull \hbox (0.78088pt too wide) in paragraph at lines 101--101
 []\T1/pcr/m/n/10 design_effect(weights, outcome = NULL, data = NULL, target = 
NULL) 
[2] [3] [4] (/usr/share/texmf-dist/tex/latex/psnfss/ts1ptm.fd)
Overfull \hbox (3.49756pt too wide) in paragraph at lines 247--250
[]\T1/pcr/m/n/10 "raking"[]\T1/ptm/m/n/10 : clas-si-cal IPF + Dyk-stra box + hy
-per-plane pro-jec-tions (Deming-

Overfull \hbox (14.08842pt too wide) in paragraph at lines 251--253
[]\T1/pcr/m/n/10 "auto" []\T1/ptm/m/n/10 (de-fault): cur-rently routes un-con-d
i-tion-ally to []\T1/pcr/m/n/10 "ieppa"[]\T1/ptm/m/n/10 . Benchmark-
[5]
No file Rd2.ind.
[6] (/tmp/RtmpLsxwqV/Rd2pdf84b63697a9c70/Rd2.aux)

Package rerunfilecheck Warning: File `Rd2.out' has changed.
(rerunfilecheck)                Rerun to get outlines right
(rerunfilecheck)                or use package `bookmark'.

 )
(see the transcript file for additional information)</usr/share/texmf-dist/font
s/type1/urw/courier/ucrr8a.pfb></usr/share/texmf-dist/fonts/type1/urw/times/utm
b8a.pfb></usr/share/texmf-dist/fonts/type1/urw/times/utmr8a.pfb></usr/share/tex
mf-dist/fonts/type1/urw/times/utmr8a.pfb></usr/share/texmf-dist/fonts/type1/urw
/times/utmri8a.pfb>
Output written on Rd2.pdf (6 pages, 80882 bytes).
Transcript written on Rd2.log.
This is makeindex, version 2.18 [TeX Live 2026] (kpathsea + Thai support).
Scanning input file Rd2.idx....done (7 entries accepted, 0 rejected).
Sorting entries....done (17 comparisons).
Generating output file Rd2.ind....done (26 lines written, 0 warnings).
Output written in Rd2.ind.
Transcript written in Rd2.ilg.
This is pdfTeX, Version 3.141592653-2.6-1.40.29 (TeX Live 2026/Arch Linux) (preloaded format=pdflatex)
 restricted \write18 enabled.
entering extended mode
LaTeX2e <2025-11-01>
L3 programming layer <2026-01-19>
(./Rd2.tex
(/usr/share/texmf-dist/tex/latex/base/book.cls
Document Class: book 2025/01/22 v1.4n Standard LaTeX document class
(/usr/share/texmf-dist/tex/latex/base/bk10.clo))
(/usr/share/texmf/tex/latex/Rd.sty
(/usr/share/texmf-dist/tex/latex/base/ifthen.sty)
(/usr/share/texmf-dist/tex/generic/iftex/iftex.sty)
(/usr/share/texmf-dist/tex/latex/tools/longtable.sty)
(/usr/share/texmf-dist/tex/latex/tools/bm.sty)
(/usr/share/texmf-dist/tex/latex/base/alltt.sty)
(/usr/share/texmf-dist/tex/latex/tools/verbatim.sty)
(/usr/share/texmf-dist/tex/latex/url/url.sty)
(/usr/share/texmf-dist/tex/latex/base/textcomp.sty)
(/usr/share/texmf-dist/tex/latex/amsmath/amsmath.sty
For additional information on amsmath, use the `?' option.
(/usr/share/texmf-dist/tex/latex/amsmath/amstext.sty
(/usr/share/texmf-dist/tex/latex/amsmath/amsgen.sty))
(/usr/share/texmf-dist/tex/latex/amsmath/amsbsy.sty)
(/usr/share/texmf-dist/tex/latex/amsmath/amsopn.sty))
(/usr/share/texmf-dist/tex/latex/amsfonts/amsfonts.sty)
(/usr/share/texmf-dist/tex/latex/amsfonts/amssymb.sty)
(/usr/share/texmf-dist/tex/latex/jknapltx/mathrsfs.sty)
(/usr/share/texmf-dist/tex/latex/base/fontenc.sty)
(/usr/share/texmf-dist/tex/latex/psnfss/times.sty)
(/usr/share/texmf-dist/tex/latex/graphics/color.sty
(/usr/share/texmf-dist/tex/latex/graphics-cfg/color.cfg)
(/usr/share/texmf-dist/tex/latex/graphics-def/pdftex.def)
(/usr/share/texmf-dist/tex/latex/graphics/mathcolor.ltx))
(/usr/share/texmf-dist/tex/latex/hyperref/hyperref.sty
(/usr/share/texmf-dist/tex/latex/graphics/keyval.sty)
(/usr/share/texmf-dist/tex/latex/kvsetkeys/kvsetkeys.sty)
(/usr/share/texmf-dist/tex/generic/kvdefinekeys/kvdefinekeys.sty)
(/usr/share/texmf-dist/tex/generic/pdfescape/pdfescape.sty
(/usr/share/texmf-dist/tex/generic/ltxcmds/ltxcmds.sty)
(/usr/share/texmf-dist/tex/generic/pdftexcmds/pdftexcmds.sty
(/usr/share/texmf-dist/tex/generic/infwarerr/infwarerr.sty)))
(/usr/share/texmf-dist/tex/latex/hycolor/hycolor.sty)
(/usr/share/texmf-dist/tex/latex/hyperref/nameref.sty
(/usr/share/texmf-dist/tex/latex/refcount/refcount.sty)
(/usr/share/texmf-dist/tex/generic/gettitlestring/gettitlestring.sty
(/usr/share/texmf-dist/tex/latex/kvoptions/kvoptions.sty)))
(/usr/share/texmf-dist/tex/latex/etoolbox/etoolbox.sty)
(/usr/share/texmf-dist/tex/generic/stringenc/stringenc.sty)
(/usr/share/texmf-dist/tex/latex/hyperref/pd1enc.def)
(/usr/share/texmf-dist/tex/generic/intcalc/intcalc.sty)
(/usr/share/texmf-dist/tex/latex/hyperref/puenc.def)
(/usr/share/texmf-dist/tex/generic/bitset/bitset.sty
(/usr/share/texmf-dist/tex/generic/bigintcalc/bigintcalc.sty)))
(/usr/share/texmf-dist/tex/latex/hyperref/hpdftex.def
(/usr/share/texmf-dist/tex/latex/rerunfilecheck/rerunfilecheck.sty
(/usr/share/texmf-dist/tex/generic/uniquecounter/uniquecounter.sty))))
(/usr/share/texmf-dist/tex/latex/base/makeidx.sty)
Writing index file Rd2.idx
(/usr/share/texmf-dist/tex/latex/psnfss/t1ptm.fd)
(/usr/share/texmf-dist/tex/latex/l3backend/l3backend-pdftex.def)
(/tmp/RtmpLsxwqV/Rd2pdf84b63697a9c70/Rd2.aux)
(/usr/share/texmf-dist/tex/context/base/mkii/supp-pdf.mkii
[Loading MPS to PDF converter (version 2006.09.02).]
) (/tmp/RtmpLsxwqV/Rd2pdf84b63697a9c70/Rd2.out)
(/tmp/RtmpLsxwqV/Rd2pdf84b63697a9c70/Rd2.out)
(/usr/share/texmf-dist/tex/latex/psnfss/t1pcr.fd)
(/tmp/RtmpLsxwqV/Rd2pdf84b63697a9c70/Rd2.toc
(/usr/share/texmf-dist/tex/latex/amsfonts/umsa.fd)
(/usr/share/texmf-dist/tex/latex/amsfonts/umsb.fd)
(/usr/share/texmf-dist/tex/latex/jknapltx/ursfs.fd)) [1{/var/lib/texmf/fonts/ma
p/pdftex/updmap/pdftex.map}{/usr/share/texmf-dist/fonts/enc/dvips/base/8r.enc}]

Overfull \hbox (0.78088pt too wide) in paragraph at lines 101--101
 []\T1/pcr/m/n/10 design_effect(weights, outcome = NULL, data = NULL, target = 
NULL) 
[2] [3] [4] (/usr/share/texmf-dist/tex/latex/psnfss/ts1ptm.fd)
Overfull \hbox (3.49756pt too wide) in paragraph at lines 247--250
[]\T1/pcr/m/n/10 "raking"[]\T1/ptm/m/n/10 : clas-si-cal IPF + Dyk-stra box + hy
-per-plane pro-jec-tions (Deming-

Overfull \hbox (14.08842pt too wide) in paragraph at lines 251--253
[]\T1/pcr/m/n/10 "auto" []\T1/ptm/m/n/10 (de-fault): cur-rently routes un-con-d
i-tion-ally to []\T1/pcr/m/n/10 "ieppa"[]\T1/ptm/m/n/10 . Benchmark-
[5] (/tmp/RtmpLsxwqV/Rd2pdf84b63697a9c70/Rd2.ind [6] [7] [8])
(/tmp/RtmpLsxwqV/Rd2pdf84b63697a9c70/Rd2.aux)

Package rerunfilecheck Warning: File `Rd2.out' has changed.
(rerunfilecheck)                Rerun to get outlines right
(rerunfilecheck)                or use package `bookmark'.

 )
(see the transcript file for additional information)</usr/share/texmf-dist/font
s/type1/urw/courier/ucrr8a.pfb></usr/share/texmf-dist/fonts/type1/urw/times/utm
b8a.pfb></usr/share/texmf-dist/fonts/type1/urw/times/utmr8a.pfb></usr/share/tex
mf-dist/fonts/type1/urw/times/utmr8a.pfb></usr/share/texmf-dist/fonts/type1/urw
/times/utmri8a.pfb>
Output written on Rd2.pdf (8 pages, 83478 bytes).
Transcript written on Rd2.log.
This is makeindex, version 2.18 [TeX Live 2026] (kpathsea + Thai support).
Scanning input file Rd2.idx....done (7 entries accepted, 0 rejected).
Sorting entries....done (17 comparisons).
Generating output file Rd2.ind....done (26 lines written, 0 warnings).
Output written in Rd2.ind.
Transcript written in Rd2.ilg.
This is pdfTeX, Version 3.141592653-2.6-1.40.29 (TeX Live 2026/Arch Linux) (preloaded format=pdflatex)
 restricted \write18 enabled.
entering extended mode
LaTeX2e <2025-11-01>
L3 programming layer <2026-01-19>
(./Rd2.tex
(/usr/share/texmf-dist/tex/latex/base/book.cls
Document Class: book 2025/01/22 v1.4n Standard LaTeX document class
(/usr/share/texmf-dist/tex/latex/base/bk10.clo))
(/usr/share/texmf/tex/latex/Rd.sty
(/usr/share/texmf-dist/tex/latex/base/ifthen.sty)
(/usr/share/texmf-dist/tex/generic/iftex/iftex.sty)
(/usr/share/texmf-dist/tex/latex/tools/longtable.sty)
(/usr/share/texmf-dist/tex/latex/tools/bm.sty)
(/usr/share/texmf-dist/tex/latex/base/alltt.sty)
(/usr/share/texmf-dist/tex/latex/tools/verbatim.sty)
(/usr/share/texmf-dist/tex/latex/url/url.sty)
(/usr/share/texmf-dist/tex/latex/base/textcomp.sty)
(/usr/share/texmf-dist/tex/latex/amsmath/amsmath.sty
For additional information on amsmath, use the `?' option.
(/usr/share/texmf-dist/tex/latex/amsmath/amstext.sty
(/usr/share/texmf-dist/tex/latex/amsmath/amsgen.sty))
(/usr/share/texmf-dist/tex/latex/amsmath/amsbsy.sty)
(/usr/share/texmf-dist/tex/latex/amsmath/amsopn.sty))
(/usr/share/texmf-dist/tex/latex/amsfonts/amsfonts.sty)
(/usr/share/texmf-dist/tex/latex/amsfonts/amssymb.sty)
(/usr/share/texmf-dist/tex/latex/jknapltx/mathrsfs.sty)
(/usr/share/texmf-dist/tex/latex/base/fontenc.sty)
(/usr/share/texmf-dist/tex/latex/psnfss/times.sty)
(/usr/share/texmf-dist/tex/latex/graphics/color.sty
(/usr/share/texmf-dist/tex/latex/graphics-cfg/color.cfg)
(/usr/share/texmf-dist/tex/latex/graphics-def/pdftex.def)
(/usr/share/texmf-dist/tex/latex/graphics/mathcolor.ltx))
(/usr/share/texmf-dist/tex/latex/hyperref/hyperref.sty
(/usr/share/texmf-dist/tex/latex/graphics/keyval.sty)
(/usr/share/texmf-dist/tex/latex/kvsetkeys/kvsetkeys.sty)
(/usr/share/texmf-dist/tex/generic/kvdefinekeys/kvdefinekeys.sty)
(/usr/share/texmf-dist/tex/generic/pdfescape/pdfescape.sty
(/usr/share/texmf-dist/tex/generic/ltxcmds/ltxcmds.sty)
(/usr/share/texmf-dist/tex/generic/pdftexcmds/pdftexcmds.sty
(/usr/share/texmf-dist/tex/generic/infwarerr/infwarerr.sty)))
(/usr/share/texmf-dist/tex/latex/hycolor/hycolor.sty)
(/usr/share/texmf-dist/tex/latex/hyperref/nameref.sty
(/usr/share/texmf-dist/tex/latex/refcount/refcount.sty)
(/usr/share/texmf-dist/tex/generic/gettitlestring/gettitlestring.sty
(/usr/share/texmf-dist/tex/latex/kvoptions/kvoptions.sty)))
(/usr/share/texmf-dist/tex/latex/etoolbox/etoolbox.sty)
(/usr/share/texmf-dist/tex/generic/stringenc/stringenc.sty)
(/usr/share/texmf-dist/tex/latex/hyperref/pd1enc.def)
(/usr/share/texmf-dist/tex/generic/intcalc/intcalc.sty)
(/usr/share/texmf-dist/tex/latex/hyperref/puenc.def)
(/usr/share/texmf-dist/tex/generic/bitset/bitset.sty
(/usr/share/texmf-dist/tex/generic/bigintcalc/bigintcalc.sty)))
(/usr/share/texmf-dist/tex/latex/hyperref/hpdftex.def
(/usr/share/texmf-dist/tex/latex/rerunfilecheck/rerunfilecheck.sty
(/usr/share/texmf-dist/tex/generic/uniquecounter/uniquecounter.sty))))
(/usr/share/texmf-dist/tex/latex/base/makeidx.sty)
Writing index file Rd2.idx
(/usr/share/texmf-dist/tex/latex/psnfss/t1ptm.fd)
(/usr/share/texmf-dist/tex/latex/l3backend/l3backend-pdftex.def)
(/tmp/RtmpLsxwqV/Rd2pdf84b63697a9c70/Rd2.aux)
(/usr/share/texmf-dist/tex/context/base/mkii/supp-pdf.mkii
[Loading MPS to PDF converter (version 2006.09.02).]
) (/tmp/RtmpLsxwqV/Rd2pdf84b63697a9c70/Rd2.out)
(/tmp/RtmpLsxwqV/Rd2pdf84b63697a9c70/Rd2.out)
(/usr/share/texmf-dist/tex/latex/psnfss/t1pcr.fd)
(/tmp/RtmpLsxwqV/Rd2pdf84b63697a9c70/Rd2.toc
(/usr/share/texmf-dist/tex/latex/amsfonts/umsa.fd)
(/usr/share/texmf-dist/tex/latex/amsfonts/umsb.fd)
(/usr/share/texmf-dist/tex/latex/jknapltx/ursfs.fd)) [1{/var/lib/texmf/fonts/ma
p/pdftex/updmap/pdftex.map}{/usr/share/texmf-dist/fonts/enc/dvips/base/8r.enc}]

Overfull \hbox (0.78088pt too wide) in paragraph at lines 101--101
 []\T1/pcr/m/n/10 design_effect(weights, outcome = NULL, data = NULL, target = 
NULL) 
[2] [3] [4] (/usr/share/texmf-dist/tex/latex/psnfss/ts1ptm.fd)
Overfull \hbox (3.49756pt too wide) in paragraph at lines 247--250
[]\T1/pcr/m/n/10 "raking"[]\T1/ptm/m/n/10 : clas-si-cal IPF + Dyk-stra box + hy
-per-plane pro-jec-tions (Deming-

Overfull \hbox (14.08842pt too wide) in paragraph at lines 251--253
[]\T1/pcr/m/n/10 "auto" []\T1/ptm/m/n/10 (de-fault): cur-rently routes un-con-d
i-tion-ally to []\T1/pcr/m/n/10 "ieppa"[]\T1/ptm/m/n/10 . Benchmark-
[5] (/tmp/RtmpLsxwqV/Rd2pdf84b63697a9c70/Rd2.ind [6] [7] [8])
(/tmp/RtmpLsxwqV/Rd2pdf84b63697a9c70/Rd2.aux) )
(see the transcript file for additional information)</usr/share/texmf-dist/font
s/type1/urw/courier/ucrr8a.pfb></usr/share/texmf-dist/fonts/type1/urw/times/utm
b8a.pfb></usr/share/texmf-dist/fonts/type1/urw/times/utmr8a.pfb></usr/share/tex
mf-dist/fonts/type1/urw/times/utmr8a.pfb></usr/share/texmf-dist/fonts/type1/urw
/times/utmri8a.pfb>
Output written on Rd2.pdf (8 pages, 84216 bytes).
Transcript written on Rd2.log.
This is makeindex, version 2.18 [TeX Live 2026] (kpathsea + Thai support).
Scanning input file Rd2.idx....done (7 entries accepted, 0 rejected).
Sorting entries....done (17 comparisons).
Generating output file Rd2.ind....done (26 lines written, 0 warnings).
Output written in Rd2.ind.
Transcript written in Rd2.ilg.
This is pdfTeX, Version 3.141592653-2.6-1.40.29 (TeX Live 2026/Arch Linux) (preloaded format=pdflatex)
 restricted \write18 enabled.
entering extended mode
LaTeX2e <2025-11-01>
L3 programming layer <2026-01-19>
(./Rd2.tex
(/usr/share/texmf-dist/tex/latex/base/book.cls
Document Class: book 2025/01/22 v1.4n Standard LaTeX document class
(/usr/share/texmf-dist/tex/latex/base/bk10.clo))
(/usr/share/texmf/tex/latex/Rd.sty
(/usr/share/texmf-dist/tex/latex/base/ifthen.sty)
(/usr/share/texmf-dist/tex/generic/iftex/iftex.sty)
(/usr/share/texmf-dist/tex/latex/tools/longtable.sty)
(/usr/share/texmf-dist/tex/latex/tools/bm.sty)
(/usr/share/texmf-dist/tex/latex/base/alltt.sty)
(/usr/share/texmf-dist/tex/latex/tools/verbatim.sty)
(/usr/share/texmf-dist/tex/latex/url/url.sty)
(/usr/share/texmf-dist/tex/latex/base/textcomp.sty)
(/usr/share/texmf-dist/tex/latex/amsmath/amsmath.sty
For additional information on amsmath, use the `?' option.
(/usr/share/texmf-dist/tex/latex/amsmath/amstext.sty
(/usr/share/texmf-dist/tex/latex/amsmath/amsgen.sty))
(/usr/share/texmf-dist/tex/latex/amsmath/amsbsy.sty)
(/usr/share/texmf-dist/tex/latex/amsmath/amsopn.sty))
(/usr/share/texmf-dist/tex/latex/amsfonts/amsfonts.sty)
(/usr/share/texmf-dist/tex/latex/amsfonts/amssymb.sty)
(/usr/share/texmf-dist/tex/latex/jknapltx/mathrsfs.sty)
(/usr/share/texmf-dist/tex/latex/base/fontenc.sty)
(/usr/share/texmf-dist/tex/latex/psnfss/times.sty)
(/usr/share/texmf-dist/tex/latex/graphics/color.sty
(/usr/share/texmf-dist/tex/latex/graphics-cfg/color.cfg)
(/usr/share/texmf-dist/tex/latex/graphics-def/pdftex.def)
(/usr/share/texmf-dist/tex/latex/graphics/mathcolor.ltx))
(/usr/share/texmf-dist/tex/latex/hyperref/hyperref.sty
(/usr/share/texmf-dist/tex/latex/graphics/keyval.sty)
(/usr/share/texmf-dist/tex/latex/kvsetkeys/kvsetkeys.sty)
(/usr/share/texmf-dist/tex/generic/kvdefinekeys/kvdefinekeys.sty)
(/usr/share/texmf-dist/tex/generic/pdfescape/pdfescape.sty
(/usr/share/texmf-dist/tex/generic/ltxcmds/ltxcmds.sty)
(/usr/share/texmf-dist/tex/generic/pdftexcmds/pdftexcmds.sty
(/usr/share/texmf-dist/tex/generic/infwarerr/infwarerr.sty)))
(/usr/share/texmf-dist/tex/latex/hycolor/hycolor.sty)
(/usr/share/texmf-dist/tex/latex/hyperref/nameref.sty
(/usr/share/texmf-dist/tex/latex/refcount/refcount.sty)
(/usr/share/texmf-dist/tex/generic/gettitlestring/gettitlestring.sty
(/usr/share/texmf-dist/tex/latex/kvoptions/kvoptions.sty)))
(/usr/share/texmf-dist/tex/latex/etoolbox/etoolbox.sty)
(/usr/share/texmf-dist/tex/generic/stringenc/stringenc.sty)
(/usr/share/texmf-dist/tex/latex/hyperref/pd1enc.def)
(/usr/share/texmf-dist/tex/generic/intcalc/intcalc.sty)
(/usr/share/texmf-dist/tex/latex/hyperref/puenc.def)
(/usr/share/texmf-dist/tex/generic/bitset/bitset.sty
(/usr/share/texmf-dist/tex/generic/bigintcalc/bigintcalc.sty)))
(/usr/share/texmf-dist/tex/latex/hyperref/hpdftex.def
(/usr/share/texmf-dist/tex/latex/rerunfilecheck/rerunfilecheck.sty
(/usr/share/texmf-dist/tex/generic/uniquecounter/uniquecounter.sty))))
(/usr/share/texmf-dist/tex/latex/base/makeidx.sty)
Writing index file Rd2.idx
(/usr/share/texmf-dist/tex/latex/psnfss/t1ptm.fd)
(/usr/share/texmf-dist/tex/latex/l3backend/l3backend-pdftex.def)
(/tmp/RtmpLsxwqV/Rd2pdf84b63697a9c70/Rd2.aux)
(/usr/share/texmf-dist/tex/context/base/mkii/supp-pdf.mkii
[Loading MPS to PDF converter (version 2006.09.02).]
) (/tmp/RtmpLsxwqV/Rd2pdf84b63697a9c70/Rd2.out)
(/tmp/RtmpLsxwqV/Rd2pdf84b63697a9c70/Rd2.out)
(/usr/share/texmf-dist/tex/latex/psnfss/t1pcr.fd)
(/tmp/RtmpLsxwqV/Rd2pdf84b63697a9c70/Rd2.toc
(/usr/share/texmf-dist/tex/latex/amsfonts/umsa.fd)
(/usr/share/texmf-dist/tex/latex/amsfonts/umsb.fd)
(/usr/share/texmf-dist/tex/latex/jknapltx/ursfs.fd)) [1{/var/lib/texmf/fonts/ma
p/pdftex/updmap/pdftex.map}{/usr/share/texmf-dist/fonts/enc/dvips/base/8r.enc}]

Overfull \hbox (0.78088pt too wide) in paragraph at lines 101--101
 []\T1/pcr/m/n/10 design_effect(weights, outcome = NULL, data = NULL, target = 
NULL) 
[2] [3] [4] (/usr/share/texmf-dist/tex/latex/psnfss/ts1ptm.fd)
Overfull \hbox (3.49756pt too wide) in paragraph at lines 247--250
[]\T1/pcr/m/n/10 "raking"[]\T1/ptm/m/n/10 : clas-si-cal IPF + Dyk-stra box + hy
-per-plane pro-jec-tions (Deming-

Overfull \hbox (14.08842pt too wide) in paragraph at lines 251--253
[]\T1/pcr/m/n/10 "auto" []\T1/ptm/m/n/10 (de-fault): cur-rently routes un-con-d
i-tion-ally to []\T1/pcr/m/n/10 "ieppa"[]\T1/ptm/m/n/10 . Benchmark-
[5] (/tmp/RtmpLsxwqV/Rd2pdf84b63697a9c70/Rd2.ind [6] [7] [8])
(/tmp/RtmpLsxwqV/Rd2pdf84b63697a9c70/Rd2.aux) )
(see the transcript file for additional information)</usr/share/texmf-dist/font
s/type1/urw/courier/ucrr8a.pfb></usr/share/texmf-dist/fonts/type1/urw/times/utm
b8a.pfb></usr/share/texmf-dist/fonts/type1/urw/times/utmr8a.pfb></usr/share/tex
mf-dist/fonts/type1/urw/times/utmr8a.pfb></usr/share/texmf-dist/fonts/type1/urw
/times/utmri8a.pfb>
Output written on Rd2.pdf (8 pages, 84210 bytes).
Transcript written on Rd2.log.
Saving output to ‘leafblower-manual.pdf’ ...
Done
You may want to clean up by 'rm -Rf /tmp/RtmpLsxwqV/Rd2pdf84b63697a9c70'
